Archive member included to satisfy reference by file (symbol)

lib/libSTARTUP.a(startup_stm32f407xx.s.o)
                              (Reset_Handler)
lib/libSTM.a(system_stm32f4xx.c.o)
                              lib/libSTARTUP.a(startup_stm32f407xx.s.o) (SystemInit)
/opt/installer/gcc-arm-none-eabi-6-2017-q2-update/bin/../lib/gcc/arm-none-eabi/6.3.1/../../../../arm-none-eabi/lib/thumb/v7e-m/libg_nano.a(lib_a-init.o)
                              lib/libSTARTUP.a(startup_stm32f407xx.s.o) (__libc_init_array)
/opt/installer/gcc-arm-none-eabi-6-2017-q2-update/bin/../lib/gcc/arm-none-eabi/6.3.1/../../../../arm-none-eabi/lib/thumb/v7e-m/libg_nano.a(lib_a-nano-vfprintf_float.o)
                              (_printf_float)
/opt/installer/gcc-arm-none-eabi-6-2017-q2-update/bin/../lib/gcc/arm-none-eabi/6.3.1/../../../../arm-none-eabi/lib/thumb/v7e-m/libg_nano.a(lib_a-nano-vfprintf_i.o)
                              /opt/installer/gcc-arm-none-eabi-6-2017-q2-update/bin/../lib/gcc/arm-none-eabi/6.3.1/../../../../arm-none-eabi/lib/thumb/v7e-m/libg_nano.a(lib_a-nano-vfprintf_float.o) (_printf_common)
/opt/installer/gcc-arm-none-eabi-6-2017-q2-update/bin/../lib/gcc/arm-none-eabi/6.3.1/../../../../arm-none-eabi/lib/thumb/v7e-m/libg_nano.a(lib_a-strlen.o)
                              /opt/installer/gcc-arm-none-eabi-6-2017-q2-update/bin/../lib/gcc/arm-none-eabi/6.3.1/../../../../arm-none-eabi/lib/thumb/v7e-m/libg_nano.a(lib_a-nano-vfprintf_float.o) (strlen)
/opt/installer/gcc-arm-none-eabi-6-2017-q2-update/bin/../lib/gcc/arm-none-eabi/6.3.1/../../../../arm-none-eabi/lib/thumb/v7e-m/libg_nano.a(lib_a-dtoa.o)
                              /opt/installer/gcc-arm-none-eabi-6-2017-q2-update/bin/../lib/gcc/arm-none-eabi/6.3.1/../../../../arm-none-eabi/lib/thumb/v7e-m/libg_nano.a(lib_a-nano-vfprintf_float.o) (_dtoa_r)
/opt/installer/gcc-arm-none-eabi-6-2017-q2-update/bin/../lib/gcc/arm-none-eabi/6.3.1/../../../../arm-none-eabi/lib/thumb/v7e-m/libg_nano.a(lib_a-localeconv.o)
                              /opt/installer/gcc-arm-none-eabi-6-2017-q2-update/bin/../lib/gcc/arm-none-eabi/6.3.1/../../../../arm-none-eabi/lib/thumb/v7e-m/libg_nano.a(lib_a-nano-vfprintf_float.o) (_localeconv_r)
/opt/installer/gcc-arm-none-eabi-6-2017-q2-update/bin/../lib/gcc/arm-none-eabi/6.3.1/../../../../arm-none-eabi/lib/thumb/v7e-m/libg_nano.a(lib_a-malloc.o)
                              /opt/installer/gcc-arm-none-eabi-6-2017-q2-update/bin/../lib/gcc/arm-none-eabi/6.3.1/../../../../arm-none-eabi/lib/thumb/v7e-m/libg_nano.a(lib_a-dtoa.o) (malloc)
/opt/installer/gcc-arm-none-eabi-6-2017-q2-update/bin/../lib/gcc/arm-none-eabi/6.3.1/../../../../arm-none-eabi/lib/thumb/v7e-m/libg_nano.a(lib_a-memchr.o)
                              /opt/installer/gcc-arm-none-eabi-6-2017-q2-update/bin/../lib/gcc/arm-none-eabi/6.3.1/../../../../arm-none-eabi/lib/thumb/v7e-m/libg_nano.a(lib_a-nano-vfprintf_i.o) (memchr)
/opt/installer/gcc-arm-none-eabi-6-2017-q2-update/bin/../lib/gcc/arm-none-eabi/6.3.1/../../../../arm-none-eabi/lib/thumb/v7e-m/libg_nano.a(lib_a-memcpy-stub.o)
                              /opt/installer/gcc-arm-none-eabi-6-2017-q2-update/bin/../lib/gcc/arm-none-eabi/6.3.1/../../../../arm-none-eabi/lib/thumb/v7e-m/libg_nano.a(lib_a-dtoa.o) (memcpy)
/opt/installer/gcc-arm-none-eabi-6-2017-q2-update/bin/../lib/gcc/arm-none-eabi/6.3.1/../../../../arm-none-eabi/lib/thumb/v7e-m/libg_nano.a(lib_a-mprec.o)
                              /opt/installer/gcc-arm-none-eabi-6-2017-q2-update/bin/../lib/gcc/arm-none-eabi/6.3.1/../../../../arm-none-eabi/lib/thumb/v7e-m/libg_nano.a(lib_a-dtoa.o) (_Balloc)
/opt/installer/gcc-arm-none-eabi-6-2017-q2-update/bin/../lib/gcc/arm-none-eabi/6.3.1/../../../../arm-none-eabi/lib/thumb/v7e-m/libg_nano.a(lib_a-nano-callocr.o)
                              /opt/installer/gcc-arm-none-eabi-6-2017-q2-update/bin/../lib/gcc/arm-none-eabi/6.3.1/../../../../arm-none-eabi/lib/thumb/v7e-m/libg_nano.a(lib_a-mprec.o) (_calloc_r)
/opt/installer/gcc-arm-none-eabi-6-2017-q2-update/bin/../lib/gcc/arm-none-eabi/6.3.1/../../../../arm-none-eabi/lib/thumb/v7e-m/libg_nano.a(lib_a-nano-freer.o)
                              /opt/installer/gcc-arm-none-eabi-6-2017-q2-update/bin/../lib/gcc/arm-none-eabi/6.3.1/../../../../arm-none-eabi/lib/thumb/v7e-m/libg_nano.a(lib_a-malloc.o) (_free_r)
/opt/installer/gcc-arm-none-eabi-6-2017-q2-update/bin/../lib/gcc/arm-none-eabi/6.3.1/../../../../arm-none-eabi/lib/thumb/v7e-m/libg_nano.a(lib_a-nano-mallocr.o)
                              /opt/installer/gcc-arm-none-eabi-6-2017-q2-update/bin/../lib/gcc/arm-none-eabi/6.3.1/../../../../arm-none-eabi/lib/thumb/v7e-m/libg_nano.a(lib_a-malloc.o) (_malloc_r)
/opt/installer/gcc-arm-none-eabi-6-2017-q2-update/bin/../lib/gcc/arm-none-eabi/6.3.1/../../../../arm-none-eabi/lib/thumb/v7e-m/libg_nano.a(lib_a-sbrkr.o)
[...]
Memory Configuration

Name             Origin             Length             Attributes
FLASH            0x0000000008000000 0x0000000000100000 xr
RAM              0x0000000020000000 0x0000000000020000 xrw
CCMRAM           0x0000000010000000 0x0000000000010000 rw
*default*        0x0000000000000000 0xffffffffffffffff

Linker script and memory map

LOAD CMakeFiles/FieldOrientedControl.dir/src/system.cc.o
LOAD CMakeFiles/FieldOrientedControl.dir/src/main.cc.o
LOAD lib/libSTARTUP.a
LOAD lib/libPROJECT.a
LOAD lib/libSTM.a
LOAD /opt/installer/gcc-arm-none-eabi-6-2017-q2-update/bin/../lib/gcc/arm-none-eabi/6.3.1/../../../../arm-none-eabi/lib/thumb/v7e-m/libstdc++_nano.a
LOAD /opt/installer/gcc-arm-none-eabi-6-2017-q2-update/bin/../lib/gcc/arm-none-eabi/6.3.1/../../../../arm-none-eabi/lib/thumb/v7e-m/libm.a
LOAD /opt/installer/gcc-arm-none-eabi-6-2017-q2-update/bin/../lib/gcc/arm-none-eabi/6.3.1/thumb/v7e-m/libgcov.a
START GROUP
LOAD /opt/installer/gcc-arm-none-eabi-6-2017-q2-update/bin/../lib/gcc/arm-none-eabi/6.3.1/thumb/v7e-m/libgcc.a
LOAD /opt/installer/gcc-arm-none-eabi-6-2017-q2-update/bin/../lib/gcc/arm-none-eabi/6.3.1/../../../../arm-none-eabi/lib/thumb/v7e-m/libg_nano.a
LOAD /opt/installer/gcc-arm-none-eabi-6-2017-q2-update/bin/../lib/gcc/arm-none-eabi/6.3.1/../../../../arm-none-eabi/lib/thumb/v7e-m/libc_nano.a
END GROUP
START GROUP
LOAD /opt/installer/gcc-arm-none-eabi-6-2017-q2-update/bin/../lib/gcc/arm-none-eabi/6.3.1/thumb/v7e-m/libgcc.a
LOAD /opt/installer/gcc-arm-none-eabi-6-2017-q2-update/bin/../lib/gcc/arm-none-eabi/6.3.1/../../../../arm-none-eabi/lib/thumb/v7e-m/libc_nano.a
LOAD /opt/installer/gcc-arm-none-eabi-6-2017-q2-update/bin/../lib/gcc/arm-none-eabi/6.3.1/../../../../arm-none-eabi/lib/thumb/v7e-m/libnosys.a
END GROUP
START GROUP
LOAD /opt/installer/gcc-arm-none-eabi-6-2017-q2-update/bin/../lib/gcc/arm-none-eabi/6.3.1/thumb/v7e-m/libgcc.a
LOAD /opt/installer/gcc-arm-none-eabi-6-2017-q2-update/bin/../lib/gcc/arm-none-eabi/6.3.1/../../../../arm-none-eabi/lib/thumb/v7e-m/libc_nano.a
LOAD /opt/installer/gcc-arm-none-eabi-6-2017-q2-update/bin/../lib/gcc/arm-none-eabi/6.3.1/../../../../arm-none-eabi/lib/thumb/v7e-m/libnosys.a
END GROUP
                0x0000000020020000                _estack = 0x20020000
                0x0000000000000200                _Min_Heap_Size = 0x200
                0x0000000000000400                _Min_Stack_Size = 0x400

.isr_vector     0x0000000008000000      0x188
                0x0000000008000000                . = ALIGN (0x4)
 *(.isr_vector)
 .isr_vector    0x0000000008000000      0x188 lib/libSTARTUP.a(startup_stm32f407xx.s.o)
                0x0000000008000000                g_pfnVectors
                0x0000000008000188                . = ALIGN (0x4)

.text           0x0000000008000188     0x24f8
                0x0000000008000188                . = ALIGN (0x4)
 *(.text)
 .text          0x0000000008000188       0x10 /opt/installer/gcc-arm-none-eabi-6-2017-q2-update/bin/../lib/gcc/arm-none-eabi/6.3.1/../../../../arm-none-eabi/lib/thumb/v7e-m/libg_nano.a(lib_a-strlen.o)
                0x0000000008000188                strlen
 .text          0x0000000008000198      0x370 /opt/installer/gcc-arm-none-eabi-6-2017-q2-update/bin/../lib/gcc/arm-none-eabi/6.3.1/thumb/v7e-m/libgcc.a(_arm_addsubdf3.o)
                0x0000000008000198                __aeabi_drsub
                0x00000000080001a0                __aeabi_dsub
                0x00000000080001a0                __subdf3
                0x00000000080001a4                __adddf3
                0x00000000080001a4                __aeabi_dadd
                0x000000000800041c                __aeabi_ui2d
                0x000000000800041c                __floatunsidf
                0x000000000800043c                __floatsidf
                0x000000000800043c                __aeabi_i2d
                0x0000000008000460                __extendsfdf2
                0x0000000008000460                __aeabi_f2d
                0x000000000800049c                __aeabi_ul2d
                0x000000000800049c                __floatundidf
                0x00000000080004ac                __floatdidf
                0x00000000080004ac                __aeabi_l2d
 .text          0x0000000008000508      0x424 /opt/installer/gcc-arm-none-eabi-6-2017-q2-update/bin/../lib/gcc/arm-none-eabi/6.3.1/thumb/v7e-m/libgcc.a(_arm_muldivdf3.o)
                0x0000000008000508                __aeabi_dmul
                0x0000000008000508                __muldf3
                0x000000000800075c                __aeabi_ddiv
                0x000000000800075c                __divdf3
 .text          0x000000000800092c      0x110 /opt/installer/gcc-arm-none-eabi-6-2017-q2-update/bin/../lib/gcc/arm-none-eabi/6.3.1/thumb/v7e-m/libgcc.a(_arm_cmpdf2.o)
                0x000000000800092c                __gtdf2
                0x000000000800092c                __gedf2
                0x0000000008000934                __ltdf2
                0x0000000008000934                __ledf2
                0x000000000800093c                __cmpdf2
                0x000000000800093c                __eqdf2
                0x000000000800093c                __nedf2
                0x00000000080009b8                __aeabi_cdrcmple
                0x00000000080009c8                __aeabi_cdcmple
                0x00000000080009c8                __aeabi_cdcmpeq
                0x00000000080009d8                __aeabi_dcmpeq
                0x00000000080009ec                __aeabi_dcmplt
                0x0000000008000a00                __aeabi_dcmple
                0x0000000008000a14                __aeabi_dcmpge
                0x0000000008000a28                __aeabi_dcmpgt
 .text          0x0000000008000a3c       0x2c /opt/installer/gcc-arm-none-eabi-6-2017-q2-update/bin/../lib/gcc/arm-none-eabi/6.3.1/thumb/v7e-m/libgcc.a(_arm_unorddf2.o)
                0x0000000008000a3c                __aeabi_dcmpun
                0x0000000008000a3c                __unorddf2
 .text          0x0000000008000a68       0x50 /opt/installer/gcc-arm-none-eabi-6-2017-q2-update/bin/../lib/gcc/arm-none-eabi/6.3.1/thumb/v7e-m/libgcc.a(_arm_fixdfsi.o)
                0x0000000008000a68                __fixdfsi
                0x0000000008000a68                __aeabi_d2iz
 *(.text*)
 .text._Z8ms_delayi
                0x0000000008000ab8       0x2a CMakeFiles/FieldOrientedControl.dir/src/main.cc.o
                0x0000000008000ab8                ms_delay(int)
 *fill*         0x0000000008000ae2        0x2 
 .text.main     0x0000000008000ae4       0x34 CMakeFiles/FieldOrientedControl.dir/src/main.cc.o
                0x0000000008000ae4                main
 .text.Reset_Handler
                0x0000000008000b18       0x50 lib/libSTARTUP.a(startup_stm32f407xx.s.o)
                0x0000000008000b18                Reset_Handler
 .text._init    0x0000000008000b68        0x2 lib/libSTARTUP.a(startup_stm32f407xx.s.o)
                0x0000000008000b68                _init
 .text._fini    0x0000000008000b6a        0x2 lib/libSTARTUP.a(startup_stm32f407xx.s.o)
                0x0000000008000b6a                _fini
 .text.Default_Handler
                0x0000000008000b6c        0x2 lib/libSTARTUP.a(startup_stm32f407xx.s.o)
                0x0000000008000b6c                RTC_Alarm_IRQHandler
                0x0000000008000b6c                HASH_RNG_IRQHandler
                0x0000000008000b6c                EXTI2_IRQHandler
                0x0000000008000b6c                TIM8_CC_IRQHandler
                0x0000000008000b6c                DebugMon_Handler
                0x0000000008000b6c                TIM1_CC_IRQHandler
                0x0000000008000b6c                DMA2_Stream5_IRQHandler
                0x0000000008000b6c                HardFault_Handler
                0x0000000008000b6c                DMA1_Stream5_IRQHandler
                0x0000000008000b6c                SysTick_Handler
                0x0000000008000b6c                PVD_IRQHandler
                0x0000000008000b6c                SDIO_IRQHandler
                0x0000000008000b6c                TAMP_STAMP_IRQHandler
                0x0000000008000b6c                PendSV_Handler
                0x0000000008000b6c                NMI_Handler
                0x0000000008000b6c                CAN2_RX1_IRQHandler
                0x0000000008000b6c                EXTI3_IRQHandler
                0x0000000008000b6c                TIM8_TRG_COM_TIM14_IRQHandler
                0x0000000008000b6c                TIM1_UP_TIM10_IRQHandler
                0x0000000008000b6c                TIM8_UP_TIM13_IRQHandler
                0x0000000008000b6c                I2C3_ER_IRQHandler
                0x0000000008000b6c                EXTI0_IRQHandler
                0x0000000008000b6c                I2C2_EV_IRQHandler
                0x0000000008000b6c                DMA1_Stream2_IRQHandler
                0x0000000008000b6c                CAN1_RX0_IRQHandler
                0x0000000008000b6c                FPU_IRQHandler
                0x0000000008000b6c                OTG_HS_WKUP_IRQHandler
                0x0000000008000b6c                UsageFault_Handler
                0x0000000008000b6c                CAN2_SCE_IRQHandler
                0x0000000008000b6c                DMA2_Stream2_IRQHandler
                0x0000000008000b6c                SPI1_IRQHandler
                0x0000000008000b6c                TIM6_DAC_IRQHandler
                0x0000000008000b6c                TIM1_BRK_TIM9_IRQHandler
                0x0000000008000b6c                DCMI_IRQHandler
                0x0000000008000b6c                CAN2_RX0_IRQHandler
                0x0000000008000b6c                DMA2_Stream3_IRQHandler
                0x0000000008000b6c                USART6_IRQHandler
                0x0000000008000b6c                USART3_IRQHandler
                0x0000000008000b6c                CAN1_RX1_IRQHandler
                0x0000000008000b6c                UART5_IRQHandler
                0x0000000008000b6c                DMA2_Stream0_IRQHandler
                0x0000000008000b6c                TIM4_IRQHandler
                0x0000000008000b6c                I2C1_EV_IRQHandler
                0x0000000008000b6c                DMA1_Stream6_IRQHandler
                0x0000000008000b6c                DMA1_Stream1_IRQHandler
                0x0000000008000b6c                UART4_IRQHandler
                0x0000000008000b6c                TIM3_IRQHandler
                0x0000000008000b6c                RCC_IRQHandler
                0x0000000008000b6c                TIM8_BRK_TIM12_IRQHandler
                0x0000000008000b6c                Default_Handler
                0x0000000008000b6c                EXTI15_10_IRQHandler
                0x0000000008000b6c                ADC_IRQHandler
                0x0000000008000b6c                DMA1_Stream7_IRQHandler
                0x0000000008000b6c                TIM7_IRQHandler
                0x0000000008000b6c                CAN2_TX_IRQHandler
                0x0000000008000b6c                TIM5_IRQHandler
                0x0000000008000b6c                DMA2_Stream7_IRQHandler
                0x0000000008000b6c                I2C3_EV_IRQHandler
                0x0000000008000b6c                EXTI9_5_IRQHandler
                0x0000000008000b6c                RTC_WKUP_IRQHandler
                0x0000000008000b6c                ETH_WKUP_IRQHandler
                0x0000000008000b6c                SPI2_IRQHandler
                0x0000000008000b6c                OTG_HS_EP1_IN_IRQHandler
                0x0000000008000b6c                MemManage_Handler
                0x0000000008000b6c                DMA1_Stream0_IRQHandler
                0x0000000008000b6c                CAN1_TX_IRQHandler
                0x0000000008000b6c                SVC_Handler
                0x0000000008000b6c                EXTI4_IRQHandler
                0x0000000008000b6c                FSMC_IRQHandler
                0x0000000008000b6c                ETH_IRQHandler
                0x0000000008000b6c                OTG_HS_EP1_OUT_IRQHandler
                0x0000000008000b6c                WWDG_IRQHandler
                0x0000000008000b6c                TIM2_IRQHandler
                0x0000000008000b6c                OTG_FS_WKUP_IRQHandler
                0x0000000008000b6c                TIM1_TRG_COM_TIM11_IRQHandler
                0x0000000008000b6c                OTG_HS_IRQHandler
                0x0000000008000b6c                EXTI1_IRQHandler
                0x0000000008000b6c                USART2_IRQHandler
                0x0000000008000b6c                I2C2_ER_IRQHandler
                0x0000000008000b6c                DMA2_Stream1_IRQHandler
                0x0000000008000b6c                CAN1_SCE_IRQHandler
                0x0000000008000b6c                FLASH_IRQHandler
                0x0000000008000b6c                DMA2_Stream4_IRQHandler
                0x0000000008000b6c                BusFault_Handler
                0x0000000008000b6c                USART1_IRQHandler
                0x0000000008000b6c                OTG_FS_IRQHandler
                0x0000000008000b6c                SPI3_IRQHandler
                0x0000000008000b6c                DMA1_Stream4_IRQHandler
                0x0000000008000b6c                I2C1_ER_IRQHandler
                0x0000000008000b6c                DMA2_Stream6_IRQHandler
                0x0000000008000b6c                DMA1_Stream3_IRQHandler
 *fill*         0x0000000008000b6e        0x2 
 .text.SystemInit
                0x0000000008000b70       0x40 lib/libSTM.a(system_stm32f4xx.c.o)
                0x0000000008000b70                SystemInit
 .text.__libc_init_array
                0x0000000008000bb0       0x48 /opt/installer/gcc-arm-none-eabi-6-2017-q2-update/bin/../lib/gcc/arm-none-eabi/6.3.1/../../../../arm-none-eabi/lib/thumb/v7e-m/libg_nano.a(lib_a-init.o)
                0x0000000008000bb0                __libc_init_array
 .text.__cvt    0x0000000008000bf8       0xb8 /opt/installer/gcc-arm-none-eabi-6-2017-q2-update/bin/../lib/gcc/arm-none-eabi/6.3.1/../../../../arm-none-eabi/lib/thumb/v7e-m/libg_nano.a(lib_a-nano-vfprintf_float.o)
                0x0000000008000bf8                __cvt
 .text.__exponent
                0x0000000008000cb0       0x6a /opt/installer/gcc-arm-none-eabi-6-2017-q2-update/bin/../lib/gcc/arm-none-eabi/6.3.1/../../../../arm-none-eabi/lib/thumb/v7e-m/libg_nano.a(lib_a-nano-vfprintf_float.o)
                0x0000000008000cb0                __exponent
 *fill*         0x0000000008000d1a        0x2 
 .text._printf_float
                0x0000000008000d1c      0x470 /opt/installer/gcc-arm-none-eabi-6-2017-q2-update/bin/../lib/gcc/arm-none-eabi/6.3.1/../../../../arm-none-eabi/lib/thumb/v7e-m/libg_nano.a(lib_a-nano-vfprintf_float.o)
                0x0000000008000d1c                _printf_float
 .text._printf_common
                0x000000000800118c       0xec /opt/installer/gcc-arm-none-eabi-6-2017-q2-update/bin/../lib/gcc/arm-none-eabi/6.3.1/../../../../arm-none-eabi/lib/thumb/v7e-m/libg_nano.a(lib_a-nano-vfprintf_i.o)
                0x000000000800118c                _printf_common
 .text.quorem   0x0000000008001278      0x118 /opt/installer/gcc-arm-none-eabi-6-2017-q2-update/bin/../lib/gcc/arm-none-eabi/6.3.1/../../../../arm-none-eabi/lib/thumb/v7e-m/libg_nano.a(lib_a-dtoa.o)
 .text._dtoa_r  0x0000000008001390      0xba4 /opt/installer/gcc-arm-none-eabi-6-2017-q2-update/bin/../lib/gcc/arm-none-eabi/6.3.1/../../../../arm-none-eabi/lib/thumb/v7e-m/libg_nano.a(lib_a-dtoa.o)
                0x0000000008001390                _dtoa_r
 .text._localeconv_r
                0x0000000008001f34       0x1c /opt/installer/gcc-arm-none-eabi-6-2017-q2-update/bin/../lib/gcc/arm-none-eabi/6.3.1/../../../../arm-none-eabi/lib/thumb/v7e-m/libg_nano.a(lib_a-localeconv.o)
                0x0000000008001f34                _localeconv_r
 .text.malloc   0x0000000008001f50       0x10 /opt/installer/gcc-arm-none-eabi-6-2017-q2-update/bin/../lib/gcc/arm-none-eabi/6.3.1/../../../../arm-none-eabi/lib/thumb/v7e-m/libg_nano.a(lib_a-malloc.o)
                0x0000000008001f50                malloc
 .text.memcpy   0x0000000008001f60       0x16 /opt/installer/gcc-arm-none-eabi-6-2017-q2-update/bin/../lib/gcc/arm-none-eabi/6.3.1/../../../../arm-none-eabi/lib/thumb/v7e-m/libg_nano.a(lib_a-memcpy-stub.o)
                0x0000000008001f60                memcpy
 .text._Balloc  0x0000000008001f76       0x68 /opt/installer/gcc-arm-none-eabi-6-2017-q2-update/bin/../lib/gcc/arm-none-eabi/6.3.1/../../../../arm-none-eabi/lib/thumb/v7e-m/libg_nano.a(lib_a-mprec.o)
                0x0000000008001f76                _Balloc
 .text._Bfree   0x0000000008001fde       0x2e /opt/installer/gcc-arm-none-eabi-6-2017-q2-update/bin/../lib/gcc/arm-none-eabi/6.3.1/../../../../arm-none-eabi/lib/thumb/v7e-m/libg_nano.a(lib_a-mprec.o)
                0x0000000008001fde                _Bfree
 .text.__multadd
                0x000000000800200c       0x76 /opt/installer/gcc-arm-none-eabi-6-2017-q2-update/bin/../lib/gcc/arm-none-eabi/6.3.1/../../../../arm-none-eabi/lib/thumb/v7e-m/libg_nano.a(lib_a-mprec.o)
                0x000000000800200c                __multadd
 .text.__hi0bits
                0x0000000008002082       0x3e /opt/installer/gcc-arm-none-eabi-6-2017-q2-update/bin/../lib/gcc/arm-none-eabi/6.3.1/../../../../arm-none-eabi/lib/thumb/v7e-m/libg_nano.a(lib_a-mprec.o)
                0x0000000008002082                __hi0bits
 .text.__lo0bits
                0x00000000080020c0       0x5e /opt/installer/gcc-arm-none-eabi-6-2017-q2-update/bin/../lib/gcc/arm-none-eabi/6.3.1/../../../../arm-none-eabi/lib/thumb/v7e-m/libg_nano.a(lib_a-mprec.o)
                0x00000000080020c0                __lo0bits
 .text.__i2b    0x000000000800211e       0x12 /opt/installer/gcc-arm-none-eabi-6-2017-q2-update/bin/../lib/gcc/arm-none-eabi/6.3.1/../../../../arm-none-eabi/lib/thumb/v7e-m/libg_nano.a(lib_a-mprec.o)
                0x000000000800211e                __i2b
 .text.__multiply
                0x0000000008002130      0x11a /opt/installer/gcc-arm-none-eabi-6-2017-q2-update/bin/../lib/gcc/arm-none-eabi/6.3.1/../../../../arm-none-eabi/lib/thumb/v7e-m/libg_nano.a(lib_a-mprec.o)
                0x0000000008002130                __multiply
 *fill*         0x000000000800224a        0x2 
 .text.__pow5mult
                0x000000000800224c       0x9c /opt/installer/gcc-arm-none-eabi-6-2017-q2-update/bin/../lib/gcc/arm-none-eabi/6.3.1/../../../../arm-none-eabi/lib/thumb/v7e-m/libg_nano.a(lib_a-mprec.o)
                0x000000000800224c                __pow5mult
 .text.__lshift
                0x00000000080022e8       0xa2 /opt/installer/gcc-arm-none-eabi-6-2017-q2-update/bin/../lib/gcc/arm-none-eabi/6.3.1/../../../../arm-none-eabi/lib/thumb/v7e-m/libg_nano.a(lib_a-mprec.o)
                0x00000000080022e8                __lshift
 .text.__mcmp   0x000000000800238a       0x34 /opt/installer/gcc-arm-none-eabi-6-2017-q2-update/bin/../lib/gcc/arm-none-eabi/6.3.1/../../../../arm-none-eabi/lib/thumb/v7e-m/libg_nano.a(lib_a-mprec.o)
                0x000000000800238a                __mcmp
 .text.__mdiff  0x00000000080023be       0xbc /opt/installer/gcc-arm-none-eabi-6-2017-q2-update/bin/../lib/gcc/arm-none-eabi/6.3.1/../../../../arm-none-eabi/lib/thumb/v7e-m/libg_nano.a(lib_a-mprec.o)
                0x00000000080023be                __mdiff
 .text.__d2b    0x000000000800247a       0x9e /opt/installer/gcc-arm-none-eabi-6-2017-q2-update/bin/../lib/gcc/arm-none-eabi/6.3.1/../../../../arm-none-eabi/lib/thumb/v7e-m/libg_nano.a(lib_a-mprec.o)
                0x000000000800247a                __d2b
 .text._calloc_r
                0x0000000008002518       0x1c /opt/installer/gcc-arm-none-eabi-6-2017-q2-update/bin/../lib/gcc/arm-none-eabi/6.3.1/../../../../arm-none-eabi/lib/thumb/v7e-m/libg_nano.a(lib_a-nano-callocr.o)
                0x0000000008002518                _calloc_r
 .text._malloc_r
                0x0000000008002534       0xbc /opt/installer/gcc-arm-none-eabi-6-2017-q2-update/bin/../lib/gcc/arm-none-eabi/6.3.1/../../../../arm-none-eabi/lib/thumb/v7e-m/libg_nano.a(lib_a-nano-mallocr.o)
                0x0000000008002534                _malloc_r
 .text._sbrk_r  0x00000000080025f0       0x20 /opt/installer/gcc-arm-none-eabi-6-2017-q2-update/bin/../lib/gcc/arm-none-eabi/6.3.1/../../../../arm-none-eabi/lib/thumb/v7e-m/libg_nano.a(lib_a-sbrkr.o)
                0x00000000080025f0                _sbrk_r
 .text.__ascii_mbtowc
                0x0000000008002610       0x24 /opt/installer/gcc-arm-none-eabi-6-2017-q2-update/bin/../lib/gcc/arm-none-eabi/6.3.1/../../../../arm-none-eabi/lib/thumb/v7e-m/libg_nano.a(lib_a-mbtowc_r.o)
                0x0000000008002610                __ascii_mbtowc
 .text.memset   0x0000000008002634       0x10 /opt/installer/gcc-arm-none-eabi-6-2017-q2-update/bin/../lib/gcc/arm-none-eabi/6.3.1/../../../../arm-none-eabi/lib/thumb/v7e-m/libg_nano.a(lib_a-memset.o)
                0x0000000008002634                memset
 .text.__malloc_lock
                0x0000000008002644        0x2 /opt/installer/gcc-arm-none-eabi-6-2017-q2-update/bin/../lib/gcc/arm-none-eabi/6.3.1/../../../../arm-none-eabi/lib/thumb/v7e-m/libg_nano.a(lib_a-mlock.o)
                0x0000000008002644                __malloc_lock
 .text.__malloc_unlock
                0x0000000008002646        0x2 /opt/installer/gcc-arm-none-eabi-6-2017-q2-update/bin/../lib/gcc/arm-none-eabi/6.3.1/../../../../arm-none-eabi/lib/thumb/v7e-m/libg_nano.a(lib_a-mlock.o)
                0x0000000008002646                __malloc_unlock
 .text.__ascii_wctomb
                0x0000000008002648       0x1a /opt/installer/gcc-arm-none-eabi-6-2017-q2-update/bin/../lib/gcc/arm-none-eabi/6.3.1/../../../../arm-none-eabi/lib/thumb/v7e-m/libg_nano.a(lib_a-wctomb_r.o)
                0x0000000008002648                __ascii_wctomb
 *fill*         0x0000000008002662        0x2 
 .text._sbrk    0x0000000008002664       0x1c /opt/installer/gcc-arm-none-eabi-6-2017-q2-update/bin/../lib/gcc/arm-none-eabi/6.3.1/../../../../arm-none-eabi/lib/thumb/v7e-m/libnosys.a(sbrk.o)
                0x0000000008002664                _sbrk
 *(.glue_7)
 .glue_7        0x0000000008002680        0x0 linker stubs
 *(.glue_7t)
 .glue_7t       0x0000000008002680        0x0 linker stubs
 *(.eh_frame)
 *(.init)
 *(.fini)
                0x0000000008002680                . = ALIGN (0x4)
                0x0000000008002680                _etext = .

.vfp11_veneer   0x0000000008002680        0x0
 .vfp11_veneer  0x0000000008002680        0x0 linker stubs

.v4_bx          0x0000000008002680        0x0
 .v4_bx         0x0000000008002680        0x0 linker stubs

.iplt           0x0000000008002680        0x0
 .iplt          0x0000000008002680        0x0 CMakeFiles/FieldOrientedControl.dir/src/system.cc.o

.rodata         0x0000000008002680      0x228
                0x0000000008002680                . = ALIGN (0x4)
 *(.rodata)
 *(.rodata*)
 .rodata._printf_float.str1.1
                0x0000000008002680       0x12 /opt/installer/gcc-arm-none-eabi-6-2017-q2-update/bin/../lib/gcc/arm-none-eabi/6.3.1/../../../../arm-none-eabi/lib/thumb/v7e-m/libg_nano.a(lib_a-nano-vfprintf_float.o)
 .rodata._dtoa_r.str1.1
                0x0000000008002692        0xd /opt/installer/gcc-arm-none-eabi-6-2017-q2-update/bin/../lib/gcc/arm-none-eabi/6.3.1/../../../../arm-none-eabi/lib/thumb/v7e-m/libg_nano.a(lib_a-dtoa.o)
                                          0xf (size before relaxing)
 *fill*         0x000000000800269f        0x1 
 .rodata.__mprec_bigtens
                0x00000000080026a0       0x28 /opt/installer/gcc-arm-none-eabi-6-2017-q2-update/bin/../lib/gcc/arm-none-eabi/6.3.1/../../../../arm-none-eabi/lib/thumb/v7e-m/libg_nano.a(lib_a-mprec.o)
                0x00000000080026a0                __mprec_bigtens
 .rodata.__mprec_tens
                0x00000000080026c8       0xc8 /opt/installer/gcc-arm-none-eabi-6-2017-q2-update/bin/../lib/gcc/arm-none-eabi/6.3.1/../../../../arm-none-eabi/lib/thumb/v7e-m/libg_nano.a(lib_a-mprec.o)
                0x00000000080026c8                __mprec_tens
 .rodata.p05.6047
                0x0000000008002790        0xc /opt/installer/gcc-arm-none-eabi-6-2017-q2-update/bin/../lib/gcc/arm-none-eabi/6.3.1/../../../../arm-none-eabi/lib/thumb/v7e-m/libg_nano.a(lib_a-mprec.o)
 .rodata._setlocale_r.str1.1
                0x000000000800279c        0x8 /opt/installer/gcc-arm-none-eabi-6-2017-q2-update/bin/../lib/gcc/arm-none-eabi/6.3.1/../../../../arm-none-eabi/lib/thumb/v7e-m/libg_nano.a(lib_a-locale.o)
                                          0x9 (size before relaxing)
 .rodata.str1.1
                0x00000000080027a4        0x2 /opt/installer/gcc-arm-none-eabi-6-2017-q2-update/bin/../lib/gcc/arm-none-eabi/6.3.1/../../../../arm-none-eabi/lib/thumb/v7e-m/libg_nano.a(lib_a-locale.o)
 .rodata._ctype_
                0x00000000080027a6      0x101 /opt/installer/gcc-arm-none-eabi-6-2017-q2-update/bin/../lib/gcc/arm-none-eabi/6.3.1/../../../../arm-none-eabi/lib/thumb/v7e-m/libg_nano.a(lib_a-ctype_.o)
                0x00000000080027a6                _ctype_
                0x00000000080028a8                . = ALIGN (0x4)
 *fill*         0x00000000080028a7        0x1 

.rel.dyn        0x00000000080028a8        0x0
 .rel.iplt      0x00000000080028a8        0x0 CMakeFiles/FieldOrientedControl.dir/src/system.cc.o

.ARM.extab
 *(.ARM.extab* .gnu.linkonce.armextab.*)

.ARM            0x00000000080028a8        0x0
                0x00000000080028a8                __exidx_start = .
 *(.ARM.exidx*)
                0x00000000080028a8                __exidx_end = .

.preinit_array  0x00000000080028a8        0x0
                0x00000000080028a8                PROVIDE (__preinit_array_start, .)
 *(.preinit_array*)
                0x00000000080028a8                PROVIDE (__preinit_array_end, .)

.init_array     0x00000000080028a8        0x0
                0x00000000080028a8                PROVIDE (__init_array_start, .)
 *(SORT(.init_array.*))
 *(.init_array*)
                0x00000000080028a8                PROVIDE (__init_array_end, .)

.fini_array     0x00000000080028a8        0x0
                [!provide]                        PROVIDE (__fini_array_start, .)
 *(SORT(.fini_array.*))
 *(.fini_array*)
                [!provide]                        PROVIDE (__fini_array_end, .)
                0x00000000080028a8                _sidata = LOADADDR (.data)

.data           0x0000000020000000      0x1d0 load address 0x00000000080028a8
                0x0000000020000000                . = ALIGN (0x4)
                0x0000000020000000                _sdata = .
 *(.data)
 *(.data*)
 .data._impure_ptr
                0x0000000020000000        0x4 /opt/installer/gcc-arm-none-eabi-6-2017-q2-update/bin/../lib/gcc/arm-none-eabi/6.3.1/../../../../arm-none-eabi/lib/thumb/v7e-m/libg_nano.a(lib_a-impure.o)
                0x0000000020000000                _impure_ptr
 .data.impure_data
                0x0000000020000004       0x60 /opt/installer/gcc-arm-none-eabi-6-2017-q2-update/bin/../lib/gcc/arm-none-eabi/6.3.1/../../../../arm-none-eabi/lib/thumb/v7e-m/libg_nano.a(lib_a-impure.o)
 .data.__global_locale
                0x0000000020000064      0x16c /opt/installer/gcc-arm-none-eabi-6-2017-q2-update/bin/../lib/gcc/arm-none-eabi/6.3.1/../../../../arm-none-eabi/lib/thumb/v7e-m/libg_nano.a(lib_a-locale.o)
                0x0000000020000064                __global_locale
                0x00000000200001d0                . = ALIGN (0x4)
                0x00000000200001d0                _edata = .
                0x0000000008002a78                _siccmram = LOADADDR (.ccmram)

.igot.plt       0x00000000200001d0        0x0 load address 0x0000000008002a78
 .igot.plt      0x00000000200001d0        0x0 CMakeFiles/FieldOrientedControl.dir/src/system.cc.o

.ccmram         0x0000000010000000        0x0 load address 0x0000000008002a78
                0x0000000010000000                . = ALIGN (0x4)
                0x0000000010000000                _sccmram = .
 *(.ccmram)
 *(.ccmram*)
                0x0000000010000000                . = ALIGN (0x4)
                0x0000000010000000                _eccmram = .
                0x0000000010000000                . = ALIGN (0x4)

.bss            0x00000000200001d0       0x10
                0x00000000200001d0                _sbss = .
                0x00000000200001d0                __bss_start__ = _sbss
 *(.bss)
 *(.bss*)
 .bss.__malloc_free_list
                0x00000000200001d0        0x4 /opt/installer/gcc-arm-none-eabi-6-2017-q2-update/bin/../lib/gcc/arm-none-eabi/6.3.1/../../../../arm-none-eabi/lib/thumb/v7e-m/libg_nano.a(lib_a-nano-mallocr.o)
                0x00000000200001d0                __malloc_free_list
 .bss.__malloc_sbrk_start
                0x00000000200001d4        0x4 /opt/installer/gcc-arm-none-eabi-6-2017-q2-update/bin/../lib/gcc/arm-none-eabi/6.3.1/../../../../arm-none-eabi/lib/thumb/v7e-m/libg_nano.a(lib_a-nano-mallocr.o)
                0x00000000200001d4                __malloc_sbrk_start
 .bss.heap_end.4116
                0x00000000200001d8        0x4 /opt/installer/gcc-arm-none-eabi-6-2017-q2-update/bin/../lib/gcc/arm-none-eabi/6.3.1/../../../../arm-none-eabi/lib/thumb/v7e-m/libnosys.a(sbrk.o)
 *(COMMON)
 COMMON         0x00000000200001dc        0x4 /opt/installer/gcc-arm-none-eabi-6-2017-q2-update/bin/../lib/gcc/arm-none-eabi/6.3.1/../../../../arm-none-eabi/lib/thumb/v7e-m/libg_nano.a(lib_a-reent.o)
                0x00000000200001dc                errno
                0x00000000200001e0                . = ALIGN (0x4)
                0x00000000200001e0                _ebss = .
                0x00000000200001e0                __bss_end__ = _ebss

._user_heap_stack
                0x00000000200001e0      0x600
                0x00000000200001e0                . = ALIGN (0x4)
                0x00000000200001e0                PROVIDE (end, .)
                [!provide]                        PROVIDE (_end, .)
                0x00000000200003e0                . = (. + _Min_Heap_Size)
 *fill*         0x00000000200001e0      0x200 
                0x00000000200007e0                . = (. + _Min_Stack_Size)
 *fill*         0x00000000200003e0      0x400 
                0x00000000200007e0                . = ALIGN (0x4)

/DISCARD/
 libc.a(*)
 libm.a(*)
 libgcc.a(*)

.ARM.attributes
                0x0000000000000000       0x35
 *(.ARM.attributes)
 .ARM.attributes
                0x0000000000000000       0x33 CMakeFiles/FieldOrientedControl.dir/src/main.cc.o
 .ARM.attributes
                0x0000000000000033       0x21 lib/libSTARTUP.a(startup_stm32f407xx.s.o)
 .ARM.attributes
                0x0000000000000054       0x33 lib/libSTM.a(system_stm32f4xx.c.o)
 .ARM.attributes
                0x0000000000000087       0x2e /opt/installer/gcc-arm-none-eabi-6-2017-q2-update/bin/../lib/gcc/arm-none-eabi/6.3.1/../../../../arm-none-eabi/lib/thumb/v7e-m/libg_nano.a(lib_a-init.o)
 .ARM.attributes
                0x00000000000000b5       0x2e /opt/installer/gcc-arm-none-eabi-6-2017-q2-update/bin/../lib/gcc/arm-none-eabi/6.3.1/../../../../arm-none-eabi/lib/thumb/v7e-m/libg_nano.a(lib_a-nano-vfprintf_float.o)
 .ARM.attributes
                0x00000000000000e3       0x2e /opt/installer/gcc-arm-none-eabi-6-2017-q2-update/bin/../lib/gcc/arm-none-eabi/6.3.1/../../../../arm-none-eabi/lib/thumb/v7e-m/libg_nano.a(lib_a-nano-vfprintf_i.o)
 .ARM.attributes
                0x0000000000000111       0x17 /opt/installer/gcc-arm-none-eabi-6-2017-q2-update/bin/../lib/gcc/arm-none-eabi/6.3.1/../../../../arm-none-eabi/lib/thumb/v7e-m/libg_nano.a(lib_a-strlen.o)
 .ARM.attributes
                0x0000000000000128       0x2e /opt/installer/gcc-arm-none-eabi-6-2017-q2-update/bin/../lib/gcc/arm-none-eabi/6.3.1/../../../../arm-none-eabi/lib/thumb/v7e-m/libg_nano.a(lib_a-dtoa.o)
 .ARM.attributes
                0x0000000000000156       0x2e /opt/installer/gcc-arm-none-eabi-6-2017-q2-update/bin/../lib/gcc/arm-none-eabi/6.3.1/../../../../arm-none-eabi/lib/thumb/v7e-m/libg_nano.a(lib_a-localeconv.o)
 .ARM.attributes
                0x0000000000000184       0x2e /opt/installer/gcc-arm-none-eabi-6-2017-q2-update/bin/../lib/gcc/arm-none-eabi/6.3.1/../../../../arm-none-eabi/lib/thumb/v7e-m/libg_nano.a(lib_a-malloc.o)
 .ARM.attributes
                0x00000000000001b2       0x2e /opt/installer/gcc-arm-none-eabi-6-2017-q2-update/bin/../lib/gcc/arm-none-eabi/6.3.1/../../../../arm-none-eabi/lib/thumb/v7e-m/libg_nano.a(lib_a-memcpy-stub.o)
 .ARM.attributes
                0x00000000000001e0       0x2e /opt/installer/gcc-arm-none-eabi-6-2017-q2-update/bin/../lib/gcc/arm-none-eabi/6.3.1/../../../../arm-none-eabi/lib/thumb/v7e-m/libg_nano.a(lib_a-mprec.o)
 .ARM.attributes
                0x000000000000020e       0x2e /opt/installer/gcc-arm-none-eabi-6-2017-q2-update/bin/../lib/gcc/arm-none-eabi/6.3.1/../../../../arm-none-eabi/lib/thumb/v7e-m/libg_nano.a(lib_a-nano-callocr.o)
 .ARM.attributes
                0x000000000000023c       0x2e /opt/installer/gcc-arm-none-eabi-6-2017-q2-update/bin/../lib/gcc/arm-none-eabi/6.3.1/../../../../arm-none-eabi/lib/thumb/v7e-m/libg_nano.a(lib_a-nano-mallocr.o)
 .ARM.attributes
                0x000000000000026a       0x2e /opt/installer/gcc-arm-none-eabi-6-2017-q2-update/bin/../lib/gcc/arm-none-eabi/6.3.1/../../../../arm-none-eabi/lib/thumb/v7e-m/libg_nano.a(lib_a-sbrkr.o)
 .ARM.attributes
                0x0000000000000298       0x2e /opt/installer/gcc-arm-none-eabi-6-2017-q2-update/bin/../lib/gcc/arm-none-eabi/6.3.1/../../../../arm-none-eabi/lib/thumb/v7e-m/libg_nano.a(lib_a-impure.o)
 .ARM.attributes
                0x00000000000002c6       0x2e /opt/installer/gcc-arm-none-eabi-6-2017-q2-update/bin/../lib/gcc/arm-none-eabi/6.3.1/../../../../arm-none-eabi/lib/thumb/v7e-m/libg_nano.a(lib_a-locale.o)
 .ARM.attributes
                0x00000000000002f4       0x2e /opt/installer/gcc-arm-none-eabi-6-2017-q2-update/bin/../lib/gcc/arm-none-eabi/6.3.1/../../../../arm-none-eabi/lib/thumb/v7e-m/libg_nano.a(lib_a-mbtowc_r.o)
 .ARM.attributes
                0x0000000000000322       0x2e /opt/installer/gcc-arm-none-eabi-6-2017-q2-update/bin/../lib/gcc/arm-none-eabi/6.3.1/../../../../arm-none-eabi/lib/thumb/v7e-m/libg_nano.a(lib_a-memset.o)
 .ARM.attributes
                0x0000000000000350       0x2e /opt/installer/gcc-arm-none-eabi-6-2017-q2-update/bin/../lib/gcc/arm-none-eabi/6.3.1/../../../../arm-none-eabi/lib/thumb/v7e-m/libg_nano.a(lib_a-mlock.o)
 .ARM.attributes
                0x000000000000037e       0x2e /opt/installer/gcc-arm-none-eabi-6-2017-q2-update/bin/../lib/gcc/arm-none-eabi/6.3.1/../../../../arm-none-eabi/lib/thumb/v7e-m/libg_nano.a(lib_a-reent.o)
 .ARM.attributes
                0x00000000000003ac       0x2e /opt/installer/gcc-arm-none-eabi-6-2017-q2-update/bin/../lib/gcc/arm-none-eabi/6.3.1/../../../../arm-none-eabi/lib/thumb/v7e-m/libg_nano.a(lib_a-wctomb_r.o)
 .ARM.attributes
                0x00000000000003da       0x2e /opt/installer/gcc-arm-none-eabi-6-2017-q2-update/bin/../lib/gcc/arm-none-eabi/6.3.1/../../../../arm-none-eabi/lib/thumb/v7e-m/libg_nano.a(lib_a-ctype_.o)
 .ARM.attributes
                0x0000000000000408       0x1e /opt/installer/gcc-arm-none-eabi-6-2017-q2-update/bin/../lib/gcc/arm-none-eabi/6.3.1/thumb/v7e-m/libgcc.a(_arm_addsubdf3.o)
 .ARM.attributes
                0x0000000000000426       0x1e /opt/installer/gcc-arm-none-eabi-6-2017-q2-update/bin/../lib/gcc/arm-none-eabi/6.3.1/thumb/v7e-m/libgcc.a(_arm_muldivdf3.o)
 .ARM.attributes
                0x0000000000000444       0x1e /opt/installer/gcc-arm-none-eabi-6-2017-q2-update/bin/../lib/gcc/arm-none-eabi/6.3.1/thumb/v7e-m/libgcc.a(_arm_cmpdf2.o)
 .ARM.attributes
                0x0000000000000462       0x1e /opt/installer/gcc-arm-none-eabi-6-2017-q2-update/bin/../lib/gcc/arm-none-eabi/6.3.1/thumb/v7e-m/libgcc.a(_arm_unorddf2.o)
 .ARM.attributes
                0x0000000000000480       0x1e /opt/installer/gcc-arm-none-eabi-6-2017-q2-update/bin/../lib/gcc/arm-none-eabi/6.3.1/thumb/v7e-m/libgcc.a(_arm_fixdfsi.o)
 .ARM.attributes
                0x000000000000049e       0x2e /opt/installer/gcc-arm-none-eabi-6-2017-q2-update/bin/../lib/gcc/arm-none-eabi/6.3.1/../../../../arm-none-eabi/lib/thumb/v7e-m/libnosys.a(sbrk.o)
OUTPUT(FieldOrientedControl elf32-littlearm)

.debug_info     0x0000000000000000     0x193d
 .debug_info    0x0000000000000000      0xc0d CMakeFiles/FieldOrientedControl.dir/src/main.cc.o
 .debug_info    0x0000000000000c0d      0xd30 lib/libSTM.a(system_stm32f4xx.c.o)

.debug_abbrev   0x0000000000000000      0x42f
 .debug_abbrev  0x0000000000000000      0x22a CMakeFiles/FieldOrientedControl.dir/src/main.cc.o
 .debug_abbrev  0x000000000000022a      0x205 lib/libSTM.a(system_stm32f4xx.c.o)

.debug_loc      0x0000000000000000      0x172
 .debug_loc     0x0000000000000000       0x34 CMakeFiles/FieldOrientedControl.dir/src/main.cc.o
 .debug_loc     0x0000000000000034      0x13e lib/libSTM.a(system_stm32f4xx.c.o)

.debug_aranges  0x0000000000000000       0x50
 .debug_aranges
                0x0000000000000000       0x28 CMakeFiles/FieldOrientedControl.dir/src/main.cc.o
 .debug_aranges
                0x0000000000000028       0x28 lib/libSTM.a(system_stm32f4xx.c.o)

.debug_ranges   0x0000000000000000       0x30
 .debug_ranges  0x0000000000000000       0x18 CMakeFiles/FieldOrientedControl.dir/src/main.cc.o
 .debug_ranges  0x0000000000000018       0x18 lib/libSTM.a(system_stm32f4xx.c.o)

.debug_macro    0x0000000000000000    0x250da
 .debug_macro   0x0000000000000000      0x527 CMakeFiles/FieldOrientedControl.dir/src/main.cc.o
 .debug_macro   0x0000000000000527       0x32 CMakeFiles/FieldOrientedControl.dir/src/main.cc.o
 .debug_macro   0x0000000000000559       0x2f CMakeFiles/FieldOrientedControl.dir/src/main.cc.o
 .debug_macro   0x0000000000000588       0x1c CMakeFiles/FieldOrientedControl.dir/src/main.cc.o
 .debug_macro   0x00000000000005a4       0x22 CMakeFiles/FieldOrientedControl.dir/src/main.cc.o
 .debug_macro   0x00000000000005c6       0x87 CMakeFiles/FieldOrientedControl.dir/src/main.cc.o
 .debug_macro   0x000000000000064d       0x51 CMakeFiles/FieldOrientedControl.dir/src/main.cc.o
 .debug_macro   0x000000000000069e       0xef CMakeFiles/FieldOrientedControl.dir/src/main.cc.o
 .debug_macro   0x000000000000078d       0x6a CMakeFiles/FieldOrientedControl.dir/src/main.cc.o
 .debug_macro   0x00000000000007f7      0x1df CMakeFiles/FieldOrientedControl.dir/src/main.cc.o
 .debug_macro   0x00000000000009d6       0x35 CMakeFiles/FieldOrientedControl.dir/src/main.cc.o
 .debug_macro   0x0000000000000a0b       0x50 CMakeFiles/FieldOrientedControl.dir/src/main.cc.o
 .debug_macro   0x0000000000000a5b      0xe66 CMakeFiles/FieldOrientedControl.dir/src/main.cc.o
 .debug_macro   0x00000000000018c1    0x15d08 CMakeFiles/FieldOrientedControl.dir/src/main.cc.o
 .debug_macro   0x00000000000175c9       0x43 CMakeFiles/FieldOrientedControl.dir/src/main.cc.o
 .debug_macro   0x000000000001760c      0x28e CMakeFiles/FieldOrientedControl.dir/src/main.cc.o
 .debug_macro   0x000000000001789a     0x3535 CMakeFiles/FieldOrientedControl.dir/src/main.cc.o
 .debug_macro   0x000000000001adcf       0x58 CMakeFiles/FieldOrientedControl.dir/src/main.cc.o
 .debug_macro   0x000000000001ae27       0x35 CMakeFiles/FieldOrientedControl.dir/src/main.cc.o
 .debug_macro   0x000000000001ae5c       0x9c CMakeFiles/FieldOrientedControl.dir/src/main.cc.o
 .debug_macro   0x000000000001aef8       0x16 CMakeFiles/FieldOrientedControl.dir/src/main.cc.o
 .debug_macro   0x000000000001af0e       0x97 CMakeFiles/FieldOrientedControl.dir/src/main.cc.o
 .debug_macro   0x000000000001afa5      0x353 CMakeFiles/FieldOrientedControl.dir/src/main.cc.o
 .debug_macro   0x000000000001b2f8      0x104 CMakeFiles/FieldOrientedControl.dir/src/main.cc.o
 .debug_macro   0x000000000001b3fc       0x10 CMakeFiles/FieldOrientedControl.dir/src/main.cc.o
 .debug_macro   0x000000000001b40c       0x58 CMakeFiles/FieldOrientedControl.dir/src/main.cc.o
 .debug_macro   0x000000000001b464       0x1f CMakeFiles/FieldOrientedControl.dir/src/main.cc.o
 .debug_macro   0x000000000001b483       0x43 CMakeFiles/FieldOrientedControl.dir/src/main.cc.o
 .debug_macro   0x000000000001b4c6       0x20 CMakeFiles/FieldOrientedControl.dir/src/main.cc.o
 .debug_macro   0x000000000001b4e6      0x187 CMakeFiles/FieldOrientedControl.dir/src/main.cc.o
 .debug_macro   0x000000000001b66d       0x10 CMakeFiles/FieldOrientedControl.dir/src/main.cc.o
 .debug_macro   0x000000000001b67d       0x1c CMakeFiles/FieldOrientedControl.dir/src/main.cc.o
 .debug_macro   0x000000000001b699       0x52 CMakeFiles/FieldOrientedControl.dir/src/main.cc.o
 .debug_macro   0x000000000001b6eb       0x40 CMakeFiles/FieldOrientedControl.dir/src/main.cc.o
 .debug_macro   0x000000000001b72b       0x10 CMakeFiles/FieldOrientedControl.dir/src/main.cc.o
 .debug_macro   0x000000000001b73b       0x40 CMakeFiles/FieldOrientedControl.dir/src/main.cc.o
 .debug_macro   0x000000000001b77b       0xd7 CMakeFiles/FieldOrientedControl.dir/src/main.cc.o
 .debug_macro   0x000000000001b852       0x16 CMakeFiles/FieldOrientedControl.dir/src/main.cc.o
 .debug_macro   0x000000000001b868      0x18b CMakeFiles/FieldOrientedControl.dir/src/main.cc.o
 .debug_macro   0x000000000001b9f3       0x56 CMakeFiles/FieldOrientedControl.dir/src/main.cc.o
 .debug_macro   0x000000000001ba49      0x96b CMakeFiles/FieldOrientedControl.dir/src/main.cc.o
 .debug_macro   0x000000000001c3b4      0x9e6 CMakeFiles/FieldOrientedControl.dir/src/main.cc.o
 .debug_macro   0x000000000001cd9a      0x11e CMakeFiles/FieldOrientedControl.dir/src/main.cc.o
 .debug_macro   0x000000000001ceb8      0x13e CMakeFiles/FieldOrientedControl.dir/src/main.cc.o
 .debug_macro   0x000000000001cff6       0x27 CMakeFiles/FieldOrientedControl.dir/src/main.cc.o
 .debug_macro   0x000000000001d01d      0x287 CMakeFiles/FieldOrientedControl.dir/src/main.cc.o
 .debug_macro   0x000000000001d2a4       0x5f CMakeFiles/FieldOrientedControl.dir/src/main.cc.o
 .debug_macro   0x000000000001d303      0x23a CMakeFiles/FieldOrientedControl.dir/src/main.cc.o
 .debug_macro   0x000000000001d53d      0x391 CMakeFiles/FieldOrientedControl.dir/src/main.cc.o
 .debug_macro   0x000000000001d8ce      0x176 CMakeFiles/FieldOrientedControl.dir/src/main.cc.o
 .debug_macro   0x000000000001da44       0xf9 CMakeFiles/FieldOrientedControl.dir/src/main.cc.o
 .debug_macro   0x000000000001db3d      0x383 CMakeFiles/FieldOrientedControl.dir/src/main.cc.o
 .debug_macro   0x000000000001dec0       0x23 CMakeFiles/FieldOrientedControl.dir/src/main.cc.o
 .debug_macro   0x000000000001dee3       0xe6 CMakeFiles/FieldOrientedControl.dir/src/main.cc.o
 .debug_macro   0x000000000001dfc9       0xa1 CMakeFiles/FieldOrientedControl.dir/src/main.cc.o
 .debug_macro   0x000000000001e06a       0x3c CMakeFiles/FieldOrientedControl.dir/src/main.cc.o
 .debug_macro   0x000000000001e0a6       0x1f CMakeFiles/FieldOrientedControl.dir/src/main.cc.o
 .debug_macro   0x000000000001e0c5      0x1cd CMakeFiles/FieldOrientedControl.dir/src/main.cc.o
 .debug_macro   0x000000000001e292      0xcd5 CMakeFiles/FieldOrientedControl.dir/src/main.cc.o
 .debug_macro   0x000000000001ef67      0x133 CMakeFiles/FieldOrientedControl.dir/src/main.cc.o
 .debug_macro   0x000000000001f09a      0x21e CMakeFiles/FieldOrientedControl.dir/src/main.cc.o
 .debug_macro   0x000000000001f2b8       0x2e CMakeFiles/FieldOrientedControl.dir/src/main.cc.o
 .debug_macro   0x000000000001f2e6      0x543 CMakeFiles/FieldOrientedControl.dir/src/main.cc.o
 .debug_macro   0x000000000001f829       0x88 CMakeFiles/FieldOrientedControl.dir/src/main.cc.o
 .debug_macro   0x000000000001f8b1       0xea CMakeFiles/FieldOrientedControl.dir/src/main.cc.o
 .debug_macro   0x000000000001f99b      0x183 CMakeFiles/FieldOrientedControl.dir/src/main.cc.o
 .debug_macro   0x000000000001fb1e      0x1a7 CMakeFiles/FieldOrientedControl.dir/src/main.cc.o
 .debug_macro   0x000000000001fcc5       0xa5 CMakeFiles/FieldOrientedControl.dir/src/main.cc.o
 .debug_macro   0x000000000001fd6a      0x192 CMakeFiles/FieldOrientedControl.dir/src/main.cc.o
 .debug_macro   0x000000000001fefc       0x40 CMakeFiles/FieldOrientedControl.dir/src/main.cc.o
 .debug_macro   0x000000000001ff3c       0x3c CMakeFiles/FieldOrientedControl.dir/src/main.cc.o
 .debug_macro   0x000000000001ff78       0x79 CMakeFiles/FieldOrientedControl.dir/src/main.cc.o
 .debug_macro   0x000000000001fff1      0x11e CMakeFiles/FieldOrientedControl.dir/src/main.cc.o
 .debug_macro   0x000000000002010f       0x7f CMakeFiles/FieldOrientedControl.dir/src/main.cc.o
 .debug_macro   0x000000000002018e       0x89 CMakeFiles/FieldOrientedControl.dir/src/main.cc.o
 .debug_macro   0x0000000000020217       0x7d CMakeFiles/FieldOrientedControl.dir/src/main.cc.o
 .debug_macro   0x0000000000020294      0x31a CMakeFiles/FieldOrientedControl.dir/src/main.cc.o
 .debug_macro   0x00000000000205ae      0x409 CMakeFiles/FieldOrientedControl.dir/src/main.cc.o
 .debug_macro   0x00000000000209b7       0xe4 CMakeFiles/FieldOrientedControl.dir/src/main.cc.o
 .debug_macro   0x0000000000020a9b      0x845 CMakeFiles/FieldOrientedControl.dir/src/main.cc.o
 .debug_macro   0x00000000000212e0      0x198 CMakeFiles/FieldOrientedControl.dir/src/main.cc.o
 .debug_macro   0x0000000000021478      0x202 CMakeFiles/FieldOrientedControl.dir/src/main.cc.o
 .debug_macro   0x000000000002167a      0x6e0 CMakeFiles/FieldOrientedControl.dir/src/main.cc.o
 .debug_macro   0x0000000000021d5a       0x59 CMakeFiles/FieldOrientedControl.dir/src/main.cc.o
 .debug_macro   0x0000000000021db3      0x14d CMakeFiles/FieldOrientedControl.dir/src/main.cc.o
 .debug_macro   0x0000000000021f00      0x287 CMakeFiles/FieldOrientedControl.dir/src/main.cc.o
 .debug_macro   0x0000000000022187      0x225 CMakeFiles/FieldOrientedControl.dir/src/main.cc.o
 .debug_macro   0x00000000000223ac      0x1b5 CMakeFiles/FieldOrientedControl.dir/src/main.cc.o
 .debug_macro   0x0000000000022561      0x2db CMakeFiles/FieldOrientedControl.dir/src/main.cc.o
 .debug_macro   0x000000000002283c       0x89 CMakeFiles/FieldOrientedControl.dir/src/main.cc.o
 .debug_macro   0x00000000000228c5      0x1df CMakeFiles/FieldOrientedControl.dir/src/main.cc.o
 .debug_macro   0x0000000000022aa4      0x115 CMakeFiles/FieldOrientedControl.dir/src/main.cc.o
 .debug_macro   0x0000000000022bb9       0x6e CMakeFiles/FieldOrientedControl.dir/src/main.cc.o
 .debug_macro   0x0000000000022c27      0x1b3 CMakeFiles/FieldOrientedControl.dir/src/main.cc.o
 .debug_macro   0x0000000000022dda      0x125 CMakeFiles/FieldOrientedControl.dir/src/main.cc.o
 .debug_macro   0x0000000000022eff      0x522 lib/libSTM.a(system_stm32f4xx.c.o)
 .debug_macro   0x0000000000023421      0x8b0 lib/libSTM.a(system_stm32f4xx.c.o)
 .debug_macro   0x0000000000023cd1      0xe66 lib/libSTM.a(system_stm32f4xx.c.o)
 .debug_macro   0x0000000000024b37       0x9c lib/libSTM.a(system_stm32f4xx.c.o)
 .debug_macro   0x0000000000024bd3       0x97 lib/libSTM.a(system_stm32f4xx.c.o)
 .debug_macro   0x0000000000024c6a      0x330 lib/libSTM.a(system_stm32f4xx.c.o)
 .debug_macro   0x0000000000024f9a       0xfd lib/libSTM.a(system_stm32f4xx.c.o)
 .debug_macro   0x0000000000025097       0x43 lib/libSTM.a(system_stm32f4xx.c.o)

.debug_line     0x0000000000000000     0x1699
 .debug_line    0x0000000000000000      0xb1a CMakeFiles/FieldOrientedControl.dir/src/main.cc.o
 .debug_line    0x0000000000000b1a      0xb7f lib/libSTM.a(system_stm32f4xx.c.o)

.debug_str      0x0000000000000000    0xe96f5
 .debug_str     0x0000000000000000    0xe9355 CMakeFiles/FieldOrientedControl.dir/src/main.cc.o
                                      0xe964c (size before relaxing)
 .debug_str     0x00000000000e9355      0x3a0 lib/libSTM.a(system_stm32f4xx.c.o)
                                      0xe928b (size before relaxing)

.comment        0x0000000000000000       0x7f
 .comment       0x0000000000000000       0x7f CMakeFiles/FieldOrientedControl.dir/src/main.cc.o
                                         0x80 (size before relaxing)
 .comment       0x000000000000007f       0x80 lib/libSTM.a(system_stm32f4xx.c.o)

.debug_frame    0x0000000000000000      0x914
 .debug_frame   0x0000000000000000       0x40 CMakeFiles/FieldOrientedControl.dir/src/main.cc.o
 .debug_frame   0x0000000000000040       0x30 lib/libSTM.a(system_stm32f4xx.c.o)
 .debug_frame   0x0000000000000070       0x2c /opt/installer/gcc-arm-none-eabi-6-2017-q2-update/bin/../lib/gcc/arm-none-eabi/6.3.1/../../../../arm-none-eabi/lib/thumb/v7e-m/libg_nano.a(lib_a-init.o)
 .debug_frame   0x000000000000009c       0x90 /opt/installer/gcc-arm-none-eabi-6-2017-q2-update/bin/../lib/gcc/arm-none-eabi/6.3.1/../../../../arm-none-eabi/lib/thumb/v7e-m/libg_nano.a(lib_a-nano-vfprintf_float.o)
 .debug_frame   0x000000000000012c       0x60 /opt/installer/gcc-arm-none-eabi-6-2017-q2-update/bin/../lib/gcc/arm-none-eabi/6.3.1/../../../../arm-none-eabi/lib/thumb/v7e-m/libg_nano.a(lib_a-nano-vfprintf_i.o)
 .debug_frame   0x000000000000018c       0x6c /opt/installer/gcc-arm-none-eabi-6-2017-q2-update/bin/../lib/gcc/arm-none-eabi/6.3.1/../../../../arm-none-eabi/lib/thumb/v7e-m/libg_nano.a(lib_a-dtoa.o)
 .debug_frame   0x00000000000001f8       0x40 /opt/installer/gcc-arm-none-eabi-6-2017-q2-update/bin/../lib/gcc/arm-none-eabi/6.3.1/../../../../arm-none-eabi/lib/thumb/v7e-m/libg_nano.a(lib_a-localeconv.o)
 .debug_frame   0x0000000000000238       0x30 /opt/installer/gcc-arm-none-eabi-6-2017-q2-update/bin/../lib/gcc/arm-none-eabi/6.3.1/../../../../arm-none-eabi/lib/thumb/v7e-m/libg_nano.a(lib_a-malloc.o)
 .debug_frame   0x0000000000000268       0x28 /opt/installer/gcc-arm-none-eabi-6-2017-q2-update/bin/../lib/gcc/arm-none-eabi/6.3.1/../../../../arm-none-eabi/lib/thumb/v7e-m/libg_nano.a(lib_a-memcpy-stub.o)
 .debug_frame   0x0000000000000290      0x244 /opt/installer/gcc-arm-none-eabi-6-2017-q2-update/bin/../lib/gcc/arm-none-eabi/6.3.1/../../../../arm-none-eabi/lib/thumb/v7e-m/libg_nano.a(lib_a-mprec.o)
 .debug_frame   0x00000000000004d4       0x2c /opt/installer/gcc-arm-none-eabi-6-2017-q2-update/bin/../lib/gcc/arm-none-eabi/6.3.1/../../../../arm-none-eabi/lib/thumb/v7e-m/libg_nano.a(lib_a-nano-callocr.o)
 .debug_frame   0x0000000000000500       0x2c /opt/installer/gcc-arm-none-eabi-6-2017-q2-update/bin/../lib/gcc/arm-none-eabi/6.3.1/../../../../arm-none-eabi/lib/thumb/v7e-m/libg_nano.a(lib_a-nano-mallocr.o)
 .debug_frame   0x000000000000052c       0x2c /opt/installer/gcc-arm-none-eabi-6-2017-q2-update/bin/../lib/gcc/arm-none-eabi/6.3.1/../../../../arm-none-eabi/lib/thumb/v7e-m/libg_nano.a(lib_a-sbrkr.o)
 .debug_frame   0x0000000000000558       0x68 /opt/installer/gcc-arm-none-eabi-6-2017-q2-update/bin/../lib/gcc/arm-none-eabi/6.3.1/../../../../arm-none-eabi/lib/thumb/v7e-m/libg_nano.a(lib_a-locale.o)
 .debug_frame   0x00000000000005c0       0x48 /opt/installer/gcc-arm-none-eabi-6-2017-q2-update/bin/../lib/gcc/arm-none-eabi/6.3.1/../../../../arm-none-eabi/lib/thumb/v7e-m/libg_nano.a(lib_a-mbtowc_r.o)
 .debug_frame   0x0000000000000608       0x20 /opt/installer/gcc-arm-none-eabi-6-2017-q2-update/bin/../lib/gcc/arm-none-eabi/6.3.1/../../../../arm-none-eabi/lib/thumb/v7e-m/libg_nano.a(lib_a-memset.o)
 .debug_frame   0x0000000000000628       0x30 /opt/installer/gcc-arm-none-eabi-6-2017-q2-update/bin/../lib/gcc/arm-none-eabi/6.3.1/../../../../arm-none-eabi/lib/thumb/v7e-m/libg_nano.a(lib_a-mlock.o)
 .debug_frame   0x0000000000000658       0x5c /opt/installer/gcc-arm-none-eabi-6-2017-q2-update/bin/../lib/gcc/arm-none-eabi/6.3.1/../../../../arm-none-eabi/lib/thumb/v7e-m/libg_nano.a(lib_a-reent.o)
 .debug_frame   0x00000000000006b4       0x3c /opt/installer/gcc-arm-none-eabi-6-2017-q2-update/bin/../lib/gcc/arm-none-eabi/6.3.1/../../../../arm-none-eabi/lib/thumb/v7e-m/libg_nano.a(lib_a-wctomb_r.o)
 .debug_frame   0x00000000000006f0       0xac /opt/installer/gcc-arm-none-eabi-6-2017-q2-update/bin/../lib/gcc/arm-none-eabi/6.3.1/thumb/v7e-m/libgcc.a(_arm_addsubdf3.o)
 .debug_frame   0x000000000000079c       0x50 /opt/installer/gcc-arm-none-eabi-6-2017-q2-update/bin/../lib/gcc/arm-none-eabi/6.3.1/thumb/v7e-m/libgcc.a(_arm_muldivdf3.o)
 .debug_frame   0x00000000000007ec       0xc4 /opt/installer/gcc-arm-none-eabi-6-2017-q2-update/bin/../lib/gcc/arm-none-eabi/6.3.1/thumb/v7e-m/libgcc.a(_arm_cmpdf2.o)
 .debug_frame   0x00000000000008b0       0x20 /opt/installer/gcc-arm-none-eabi-6-2017-q2-update/bin/../lib/gcc/arm-none-eabi/6.3.1/thumb/v7e-m/libgcc.a(_arm_unorddf2.o)
 .debug_frame   0x00000000000008d0       0x24 /opt/installer/gcc-arm-none-eabi-6-2017-q2-update/bin/../lib/gcc/arm-none-eabi/6.3.1/thumb/v7e-m/libgcc.a(_arm_fixdfsi.o)
 .debug_frame   0x00000000000008f4       0x20 /opt/installer/gcc-arm-none-eabi-6-2017-q2-update/bin/../lib/gcc/arm-none-eabi/6.3.1/../../../../arm-none-eabi/lib/thumb/v7e-m/libnosys.a(sbrk.o)
